unable to add-Value in field is not unique as required in validation entry options unable to add-Value in field is not unique as required in validation entry options 